Total paragraphs extracted: 48

================================================================================

Paragraph 1 (Length: 9):
פרק ראשון

------------------------------------------------------------

Paragraph 2 (Length: 313):
ביצה שנולדה ביום טוב, בית שמאי אומרים תאכל ובית הלל אומרים לא תאכל וכו'. [עיין שו"ת דברי יואל סי' קנ"ט, סוגיא דמוקצה והכנה. ועיין דברי יואל על סוגיות הש"ס סוגיא דהכנה (עמוד מז). ועיין חידושי סוגיות חלק ב' (עמוד פ"ה) בסוגיא דמוקצה והכנה. ועיין בטיב לבב (פ' בשלח, עמוד תי"א) דבר הלכה ופילפול לפ' בשלח בסוגיא דהכנה].

------------------------------------------------------------

Paragraph 3 (Length: 5):
* * *

------------------------------------------------------------

Paragraph 4 (Length: 1435):
השוחט חיה ועוף ביום טוב, בית שמאי אומרים יחפור בדקר ויכסה, ובית הלל אומרים לא ישחוט אלא אם כן היה לו עפר מוכן מבעוד יום, ומודים שאם שחט שיחפור בדקר ויכסה, שאפר כירה מוכן הוא. הנה בפרק רבי אליעזר דמילה כתב רב אלפסי (דף נ"ג ע"א מדפי הרי"ף) ואמרי רבוותא שהלכה כרבי אלעזר בן עזריה ביום ג' וכל שכן בראשון, שמרחיצין את הילד כדרכו, בין לפני המילה בין לאחר המילה וכו'. וכתב (שם) הר"ן ז"ל (ד"ה והיכא) מיהו היכא דאיכא חמימי לרחוץ קודם מילה, ואשתפוך הני דלאחר מילה, בכהאי גוונא הוא דאיכא למידק אי אמרינן תדחה מילה, כיון שאם נימול נצטרך אחר כך לחלל את השבת במכשירין להחם לו חמין, או דילמא השתא מיהת בדין מהלינן, ובתר הכי פיקוח נפש הוא שדוחה את השבת. והרמב"ן ז"ל כתב דשרי למימהלי שאין למצוה אלא שעתה, ואין דוחין את המילה מפני שנצטרך אחר כך לדחות את השבת, דבתר הכי פיקוח נפש הוא דדחי ליה ולא מכשירי מילה וכו'. ואינו כן דעת הרז"ה, שהוא ז"ל אמר דכל היכא דאשתפיך חמימי דבתר מילה מקמי מילה, תדחה מילה, וכן דעת הרשב"א, והביא ראיה מדתנן בפרק קמא דביצה בית הלל אומרים לא ישחוט אלא אם כן היה לו דקר נעוץ מבעוד יום, ובית שמאי מתירין, ושוין שאם שחט שיחפור בדקר ויכסה, ואם איתא שמלין מפני שבשעת מילה אין כאן דחיית מכשירין, ואחר כך פיקוח נפש הוא שדוחה, הכי נמי נשחוט מפני שמחת יום טוב, ולאחר מכאן נימא שמצות כסוי הוא שדוחה, אלא שמע מינה שכל שאנו יודעים בתחילת הדבר שיבא לידי איסור מלאכה, דוחין את המצוה כדי שלא יבוא בסוף לידי כך וכו', אלו דברי הרב ז"ל, ואפשר הן, אבל זו של דקר אינה ראיה לפי דעתי, שאין שחיטה ביום טוב מצוה קבועה כמילה בשבת, עד כאן דברי הר"ן ז"ל.

------------------------------------------------------------

Paragraph 5 (Length: 904):
בהבנת דברי הר"ן ז"ל, שכתב שאין שחיטה ביום טוב מצוה קבועה, אי אפשר לומר דכוונתו על דין השחיטה של יום טוב, דלגבי דין יום טוב הותרה השחיטה לכל אחד בשוה, שכתבה התורה (שמות י"ב) אך אשר יאכל לכל נפש הוא לבדו יעשה לכם וגו', וגם יש החיוב של שמחת יום טוב מדאורייתא על כל אחד, ושפיר הוי מצוה קבועה.לומר דכוונתו על מצות שחיטת חולין בעצם, דזה אינו שוה בכל אחד, והוא על פי מה שכתב הרמב"ן ז"ל (בפרשת ראה) על הפסוק כי ירחיב ה' אלקיך את גבולך וגו' כי ירחק ממך המקום וגו', דאין טעם כי ירחק ממך המקום שיהיה מותר בהרחקת המקום בלבד, שאם כן יהיו אסורים יושבי ירושלים בבשר תאוה, אבל עם כל ישראל ידבר ויאמר להם, כי כאשר ירחיב ה' את גבולכם, ולא תהיו כולכם יושבים סביב למשכן כאשר אתם היום במדבר, יהיה לכם בשר החולין מותר, כי אי אפשר שתלכו כולכם ממקום רחוק אל המקום אשר יבחר ה' וכו', ע"כ. ומשמע מדבריו דמה שהותר שחיטת בשר חולין, זהו לצד שאין כל ישראל שוין בזה, וישנם כאלו שרחוקים ממקדש ה', ולכן הותרו כולם אף הקרובים בשחיטת חולין.

------------------------------------------------------------

Paragraph 6 (Length: 226):
זה נאמר שזהו כוונת הר"ן ז"ל, שכתב שאין השחיטה מצוה קבועה, כיון שאין כל ישראל שוין בזה וכנ"ל, ולכן אף שמצד מצות שמחת יום טוב הוא שוה בכל, אבל שמצד מצות השחיטה בעצם אינו שוה בכל, לכן לא ישחוט אלא אם כן היה לו עפר מוכן מבעוד יום.

------------------------------------------------------------

Paragraph 7 (Length: 5):
* * *

------------------------------------------------------------

Paragraph 8 (Length: 624):
גזרינן והא תניא וכו'. פירש"י ז"ל והתניא וכו' בא"ד: והא דאמרינן בכולי הש"ס שאין גוזרין גזרה לגזרה, מהאי קרא נפקא ושמרתם את משמרתי, עשו משמרת כלומר גזרה למשמרתי לתורתי, ולא משמרת למשמרת, שלא יעשו גזרה לגזרה, עכ"ל. ולכאורה צריך ביאור דמנא לן למילף מהכא שלא יעשו גזרה לגזרה, והרי האי קרא איצטריך לגופיה שנצטוו ישראל עשו משמרת למשמרתי, דעל החכמים הקדושים מוטל לעשות גדר וסייג לתורה, ומנא לן למעוטי מיניה שלא לעשות משמרת למשמרת, דהיינו שלא יעשו גזירה לגזירה, דילמא מותר לעשות גם גזרה לגזרה, אלא דחיובא ליכא, אבל אכתי לא שמענו דאסור לנו לגזור גזירה לגזירה, דילמא הרשות נתונה לחז"ל לגזור כמה גזירות כפי ראות עיניהם, אלא דליכא חיובא.

------------------------------------------------------------

Paragraph 9 (Length: 1872):
מהכא נראה כי לא איצטריך קרא למעט שאסור לגזור גזרה לגזרה, אלא אדרבה איצטריך קרא לרבות שחייבים לעשות גזרה אחת, ואילו לאו האי קרא דכתיב ושמרתם את משמרתי הוה אסרינן להוסיף גזרות כלל, אלא שרבתה תורה שצריכים החכמים ז"ל להוסיף גזרות למען לא יקרבו לעבור בגוף המצוה, אבל מה שלא צוה הכתוב אין לנו להוסיף גזרה על גזרה, כי מהרבות גזרות יותר מן הצורך והחיוב, בניקל עלולים לטעות ולהכשל בגוף האיסור, [וכמו שמפרש האוהחה"ק (פ' בחקתי) עה"פ אם בחקתי תלכו (באופן הו') וזלה"ק: יתבאר ע"ד אומרם (אבות פרק ב' משנה ה') ולא ע"ה חסיד, פירוש שאסור לע"ה להתנהג בחסידות שיעשה חומרות וגדרים כמנהג החסידים, כי לפעמים יעשה חומרא בדבר שהוא אדרבה עבריין, כי ימצא חסיד שירצה לגדור עצמו לקיים מצות עונה בימים המקודשים, ותהיה בעיניו מצוה גדולה וכו' ביום כיפור, כמו ששמענו שהיה מעשה כן, וכדומה, לזה ציוו חז"ל שאין לע"ה להתנהג במדת חסידות. והוא מאמר ה' כאן אם בחקתי תלכו שהוא עסק התורה, אזי ואת מצוותי תשמרו, פירוש תעשו לכם משמרת כדי לקיימם וגדרים וסייגים, לא זולת, עכלה"ק. וגדולה מזו כתב בספה"ק אגרא דכלה (פ' קרח) וז"ל: על פי מה ששמעתי דרך דרוש עה"פ שאמר דוד שמרה נפשי כי חסיד אני, הנה הקושיא מפורסמת ממנ"פ אם הוא ראוי לשמירה מצד חסידותו בוודאי השי"ת לא יקפח שכרו, ובאם וכו', ושמעתי שהוא ע"ד מאמרם ז"ל (קידושין ל"א ע"א) אם פגע בך מנוול זה משכהו לבית המדרש, והנה למה אמר משכהו ולא אמר כפשוטו למוד תורה, אך הוא דהיצר מסיתו לדבר עבירה באומרו לו בפיתוייו שהוא מצוה, ועל כן עצה היעוצה מרז"ל אם יפתה אותך באומרו שהוא מצוה משכהו לבית המדרש, ששם מרחיבין התורה ותלמוד מפי סופרים ומפי ספרים, אם הוא מכלל התרי"ג מצוות וענפיהם, ותראה שזה פיתוי היצר אזי לא יוכל לך, אך אם המתפתה הוא איש חסיד, אין תקנה במשיכה לבית המדרש, כי יאמר לו הגם שאין הענין הזה מבואר בתורה, הלא חסיד אתה מתנהג בחסידות לפנים משורת הדין, והענין שאני מצוך לעשות הוא מכלל חסידות דלפנים משורת הדין, הגם שאינו מבואר בתנ"ך ובדברי חז"ל, ולזה אמר דוד שמרה נפשי כי חסיד אני, ולא מהני נגד היצר המשיכה לבית המדרש, באמור לו הלא חסיד אתה עשה לפנים משורת הדין וכו'],

------------------------------------------------------------

Paragraph 10 (Length: 298):
כן מוטב שלא להרבות בגדרים וסייגים, ואין לנו אלא מה שריבה הכתוב. ושפיר מובנים דברי רש"י ז"ל שכתב דילפינן שאין לגזור גזרה לגזרה מדכתיב ושמרתם את משמרתי, פירוש כיון דלא רבתה תורה אלא עשו משמרת למשמרתי, דהיינו חדא גזרה, ממילא ילפינן שאין לעשות גזרה לגזרה, דכיון שלא ציוותה התורה אין לגזור גזרות מדעתנו.

------------------------------------------------------------

Paragraph 11 (Length: 5):
* * *

------------------------------------------------------------

Paragraph 12 (Length: 140):
אשי אמר לעולם ספק חום טוב ספק חול הוי דבר שיש לו מתירין, וכל דבר שיש לו מתירין אפי' בדרבנן לא בטיל. [עיין שו"ת דברי יואל סי' ק"ס אות ב'-ד'].

------------------------------------------------------------

Paragraph 13 (Length: 5):
* * *

------------------------------------------------------------

Paragraph 14 (Length: 291):
שבת ויום טוב רב אמר נולדה בזה אסורה בזה ורבי יוחנן אמר נולדה בזה מותרת בזה וכו', רב אית ליה הכנה דרבה וכו'. [עיין שו"ת דברי יואל סי' קנ"ט (ב') אות א'-ג'. ועיין דברי יואל על סוגיות הש"ס סוגיא דהכנה אות ד' (עמוד מט). ועיין בטיב לבב (פ' בשלח, עמוד תי"א) דבר הלכה ופילפול לפ' בשלח בסוגיא דהכנה].

------------------------------------------------------------

Paragraph 15 (Length: 5):
* * *

------------------------------------------------------------

